Archive member included because of file (symbol)

../libopencm3/lib/libopencm3_stm32f4.a(gpio_common_all.o)
                              manamic.o (gpio_toggle)
../libopencm3/lib/libopencm3_stm32f4.a(gpio_common_f0234.o)
                              manamic.o (gpio_mode_setup)
../libopencm3/lib/libopencm3_stm32f4.a(rcc_common_all.o)
                              manamic.o (rcc_periph_clock_enable)
../libopencm3/lib/libopencm3_stm32f4.a(vector.o)
                              (reset_handler)

Discarded input sections

 .text          0x0000000000000000        0x0 manamic.o
 .data          0x0000000000000000        0x0 manamic.o
 .bss           0x0000000000000000        0x0 manamic.o
 .text          0x0000000000000000        0x0 ../libopencm3/lib/libopencm3_stm32f4.a(gpio_common_all.o)
 .data          0x0000000000000000        0x0 ../libopencm3/lib/libopencm3_stm32f4.a(gpio_common_all.o)
 .bss           0x0000000000000000        0x0 ../libopencm3/lib/libopencm3_stm32f4.a(gpio_common_all.o)
 .text.gpio_set
                0x0000000000000000        0x4 ../libopencm3/lib/libopencm3_stm32f4.a(gpio_common_all.o)
 .text.gpio_clear
                0x0000000000000000        0x6 ../libopencm3/lib/libopencm3_stm32f4.a(gpio_common_all.o)
 .text.gpio_get
                0x0000000000000000        0x6 ../libopencm3/lib/libopencm3_stm32f4.a(gpio_common_all.o)
 .text.gpio_port_read
                0x0000000000000000        0x6 ../libopencm3/lib/libopencm3_stm32f4.a(gpio_common_all.o)
 .text.gpio_port_write
                0x0000000000000000        0x4 ../libopencm3/lib/libopencm3_stm32f4.a(gpio_common_all.o)
 .text.gpio_port_config_lock
                0x0000000000000000       0x10 ../libopencm3/lib/libopencm3_stm32f4.a(gpio_common_all.o)
 .text          0x0000000000000000        0x0 ../libopencm3/lib/libopencm3_stm32f4.a(gpio_common_f0234.o)
 .data          0x0000000000000000        0x0 ../libopencm3/lib/libopencm3_stm32f4.a(gpio_common_f0234.o)
 .bss           0x0000000000000000        0x0 ../libopencm3/lib/libopencm3_stm32f4.a(gpio_common_f0234.o)
 .text.gpio_set_output_options
                0x0000000000000000       0x34 ../libopencm3/lib/libopencm3_stm32f4.a(gpio_common_f0234.o)
 .text.gpio_set_af
                0x0000000000000000       0x50 ../libopencm3/lib/libopencm3_stm32f4.a(gpio_common_f0234.o)
 .text          0x0000000000000000        0x0 ../libopencm3/lib/libopencm3_stm32f4.a(rcc_common_all.o)
 .data          0x0000000000000000        0x0 ../libopencm3/lib/libopencm3_stm32f4.a(rcc_common_all.o)
 .bss           0x0000000000000000        0x0 ../libopencm3/lib/libopencm3_stm32f4.a(rcc_common_all.o)
 .text.rcc_peripheral_enable_clock
                0x0000000000000000        0x8 ../libopencm3/lib/libopencm3_stm32f4.a(rcc_common_all.o)
 .text.rcc_peripheral_disable_clock
                0x0000000000000000        0xa ../libopencm3/lib/libopencm3_stm32f4.a(rcc_common_all.o)
 .text.rcc_peripheral_reset
                0x0000000000000000        0x8 ../libopencm3/lib/libopencm3_stm32f4.a(rcc_common_all.o)
 .text.rcc_peripheral_clear_reset
                0x0000000000000000        0xa ../libopencm3/lib/libopencm3_stm32f4.a(rcc_common_all.o)
 .text.rcc_periph_clock_disable
                0x0000000000000000       0x1e ../libopencm3/lib/libopencm3_stm32f4.a(rcc_common_all.o)
 .text.rcc_periph_reset_pulse
                0x0000000000000000       0x24 ../libopencm3/lib/libopencm3_stm32f4.a(rcc_common_all.o)
 .text.rcc_periph_reset_hold
                0x0000000000000000       0x1c ../libopencm3/lib/libopencm3_stm32f4.a(rcc_common_all.o)
 .text.rcc_periph_reset_release
                0x0000000000000000       0x1e ../libopencm3/lib/libopencm3_stm32f4.a(rcc_common_all.o)
 .text          0x0000000000000000        0x0 ../libopencm3/lib/libopencm3_stm32f4.a(vector.o)
 .data          0x0000000000000000        0x0 ../libopencm3/lib/libopencm3_stm32f4.a(vector.o)
 .bss           0x0000000000000000        0x0 ../libopencm3/lib/libopencm3_stm32f4.a(vector.o)

Memory Configuration

Name             Origin             Length             Attributes
rom              0x0000000008000000 0x0000000000100000 xr
ram              0x0000000020000000 0x0000000000020000 xrw
*default*        0x0000000000000000 0xffffffffffffffff

Linker script and memory map

LOAD manamic.o
LOAD ../libopencm3/lib/libopencm3_stm32f4.a
START GROUP
LOAD /usr/lib/gcc/arm-none-eabi/4.8.2/../../../arm-none-eabi/lib/armv7e-m/fpu/libc.a
LOAD /usr/lib/gcc/arm-none-eabi/4.8.2/armv7e-m/fpu/libgcc.a
LOAD /usr/lib/gcc/arm-none-eabi/4.8.2/../../../arm-none-eabi/lib/armv7e-m/fpu/libnosys.a
END GROUP
START GROUP
LOAD /usr/lib/gcc/arm-none-eabi/4.8.2/armv7e-m/fpu/libgcc.a
LOAD /usr/lib/gcc/arm-none-eabi/4.8.2/../../../arm-none-eabi/lib/armv7e-m/fpu/libc.a
END GROUP

.text           0x0000000008000000      0x2ec
 *(.vectors)
 .vectors       0x0000000008000000      0x1ac ../libopencm3/lib/libopencm3_stm32f4.a(vector.o)
                0x0000000008000000                vector_table
 *(.text*)
 .text.startup.main
                0x00000000080001ac       0x3c manamic.o
                0x00000000080001ac                main
 .text.gpio_toggle
                0x00000000080001e8       0x10 ../libopencm3/lib/libopencm3_stm32f4.a(gpio_common_all.o)
                0x00000000080001e8                gpio_toggle
 .text.gpio_mode_setup
                0x00000000080001f8       0x44 ../libopencm3/lib/libopencm3_stm32f4.a(gpio_common_f0234.o)
                0x00000000080001f8                gpio_mode_setup
 .text.rcc_periph_clock_enable
                0x000000000800023c       0x1c ../libopencm3/lib/libopencm3_stm32f4.a(rcc_common_all.o)
                0x000000000800023c                rcc_periph_clock_enable
 .text.blocking_handler
                0x0000000008000258        0x2 ../libopencm3/lib/libopencm3_stm32f4.a(vector.o)
                0x0000000008000258                dma2_stream1_isr
                0x0000000008000258                tim8_brk_tim12_isr
                0x0000000008000258                dma1_stream7_isr
                0x0000000008000258                usart3_isr
                0x0000000008000258                tim7_isr
                0x0000000008000258                dma2d_isr
                0x0000000008000258                uart8_isr
                0x0000000008000258                dma1_stream2_isr
                0x0000000008000258                otg_hs_isr
                0x0000000008000258                blocking_handler
                0x0000000008000258                tim5_isr
                0x0000000008000258                rtc_wkup_isr
                0x0000000008000258                otg_fs_isr
                0x0000000008000258                spi1_isr
                0x0000000008000258                i2c3_er_isr
                0x0000000008000258                exti2_isr
                0x0000000008000258                spi5_isr
                0x0000000008000258                usb_fs_wkup_isr
                0x0000000008000258                tamp_stamp_isr
                0x0000000008000258                can1_rx1_isr
                0x0000000008000258                dma2_stream0_isr
                0x0000000008000258                usart1_isr
                0x0000000008000258                i2c3_ev_isr
                0x0000000008000258                usage_fault_handler
                0x0000000008000258                can2_rx0_isr
                0x0000000008000258                dma1_stream6_isr
                0x0000000008000258                can2_rx1_isr
                0x0000000008000258                can1_sce_isr
                0x0000000008000258                tim1_cc_isr
                0x0000000008000258                can1_tx_isr
                0x0000000008000258                tim1_up_tim10_isr
                0x0000000008000258                sdio_isr
                0x0000000008000258                eth_isr
                0x0000000008000258                spi6_isr
                0x0000000008000258                dma2_stream5_isr
                0x0000000008000258                pvd_isr
                0x0000000008000258                can1_rx0_isr
                0x0000000008000258                rcc_isr
                0x0000000008000258                dma2_stream3_isr
                0x0000000008000258                flash_isr
                0x0000000008000258                uart4_isr
                0x0000000008000258                lcd_tft_isr
                0x0000000008000258                rtc_alarm_isr
                0x0000000008000258                exti15_10_isr
                0x0000000008000258                hash_rng_isr
                0x0000000008000258                tim1_trg_com_tim11_isr
                0x0000000008000258                hard_fault_handler
                0x0000000008000258                exti1_isr
                0x0000000008000258                i2c1_ev_isr
                0x0000000008000258                usart6_isr
                0x0000000008000258                spi2_isr
                0x0000000008000258                cryp_isr
                0x0000000008000258                nvic_wwdg_isr
                0x0000000008000258                dma1_stream1_isr
                0x0000000008000258                dma2_stream4_isr
                0x0000000008000258                exti3_isr
                0x0000000008000258                tim3_isr
                0x0000000008000258                usart2_isr
                0x0000000008000258                sai1_isr
                0x0000000008000258                fpu_isr
                0x0000000008000258                dma1_stream4_isr
                0x0000000008000258                i2c2_er_isr
                0x0000000008000258                i2c2_ev_isr
                0x0000000008000258                uart5_isr
                0x0000000008000258                dma2_stream6_isr
                0x0000000008000258                spi4_isr
                0x0000000008000258                adc_isr
                0x0000000008000258                dma2_stream7_isr
                0x0000000008000258                tim8_up_tim13_isr
                0x0000000008000258                fsmc_isr
                0x0000000008000258                exti4_isr
                0x0000000008000258                tim6_dac_isr
                0x0000000008000258                dma1_stream3_isr
                0x0000000008000258                tim8_trg_com_tim14_isr
                0x0000000008000258                mem_manage_handler
                0x0000000008000258                lcd_tft_err_isr
                0x0000000008000258                can2_tx_isr
                0x0000000008000258                exti9_5_isr
                0x0000000008000258                tim1_brk_tim9_isr
                0x0000000008000258                uart7_isr
                0x0000000008000258                can2_sce_isr
                0x0000000008000258                tim4_isr
                0x0000000008000258                otg_hs_wkup_isr
                0x0000000008000258                i2c1_er_isr
                0x0000000008000258                dma1_stream0_isr
                0x0000000008000258                tim8_cc_isr
                0x0000000008000258                dcmi_isr
                0x0000000008000258                dma2_stream2_isr
                0x0000000008000258                eth_wkup_isr
                0x0000000008000258                bus_fault_handler
                0x0000000008000258                otg_hs_ep1_out_isr
                0x0000000008000258                spi3_isr
                0x0000000008000258                dma1_stream5_isr
                0x0000000008000258                otg_hs_ep1_in_isr
                0x0000000008000258                tim2_isr
                0x0000000008000258                exti0_isr
 .text.null_handler
                0x000000000800025a        0x2 ../libopencm3/lib/libopencm3_stm32f4.a(vector.o)
                0x000000000800025a                null_handler
                0x000000000800025a                sv_call_handler
                0x000000000800025a                pend_sv_handler
                0x000000000800025a                debug_monitor_handler
                0x000000000800025a                sys_tick_handler
                0x000000000800025a                nmi_handler
 .text.reset_handler
                0x000000000800025c       0x90 ../libopencm3/lib/libopencm3_stm32f4.a(vector.o)
                0x000000000800025c                reset_handler
                0x00000000080002ec                . = ALIGN (0x4)
 *(.rodata*)
                0x00000000080002ec                . = ALIGN (0x4)

.glue_7         0x00000000080002ec        0x0
 .glue_7        0x0000000000000000        0x0 linker stubs

.glue_7t        0x00000000080002ec        0x0
 .glue_7t       0x0000000000000000        0x0 linker stubs

.vfp11_veneer   0x00000000080002ec        0x0
 .vfp11_veneer  0x0000000000000000        0x0 linker stubs

.v4_bx          0x00000000080002ec        0x0
 .v4_bx         0x0000000000000000        0x0 linker stubs

.iplt           0x00000000080002ec        0x0
 .iplt          0x0000000000000000        0x0 manamic.o

.rel.dyn        0x00000000080002ec        0x0
 .rel.iplt      0x0000000000000000        0x0 manamic.o

.preinit_array  0x00000000080002ec        0x0
                0x00000000080002ec                . = ALIGN (0x4)
                0x00000000080002ec                __preinit_array_start = .
 *(.preinit_array)
                0x00000000080002ec                __preinit_array_end = .

.init_array     0x00000000080002ec        0x0
                0x00000000080002ec                . = ALIGN (0x4)
                0x00000000080002ec                __init_array_start = .
 *(SORT(.init_array.*))
 *(.init_array)
                0x00000000080002ec                __init_array_end = .

.fini_array     0x00000000080002ec        0x0
                0x00000000080002ec                . = ALIGN (0x4)
                0x00000000080002ec                __fini_array_start = .
 *(.fini_array)
 *(SORT(.fini_array.*))
                0x00000000080002ec                __fini_array_end = .

.ARM.extab
 *(.ARM.extab*)

.ARM.exidx      0x00000000080002ec        0x0
                0x00000000080002ec                __exidx_start = .
 *(.ARM.exidx*)
                0x00000000080002ec                __exidx_end = .
                0x00000000080002ec                . = ALIGN (0x4)
                0x00000000080002ec                _etext = .

.data           0x0000000020000000        0x0 load address 0x00000000080002ec
                0x0000000020000000                _data = .
 *(.data*)
                0x0000000020000000                . = ALIGN (0x4)
                0x0000000020000000                _edata = .
                0x00000000080002ec                _data_loadaddr = LOADADDR (.data)

.igot.plt       0x0000000020000000        0x0 load address 0x00000000080002ec
 .igot.plt      0x0000000000000000        0x0 manamic.o

.bss            0x0000000020000000        0x0 load address 0x00000000080002ec
 *(.bss*)
 *(COMMON)
                0x0000000020000000                . = ALIGN (0x4)
                0x0000000020000000                _ebss = .

/DISCARD/
 *(.eh_frame)
                0x0000000020000000                . = ALIGN (0x4)
                0x0000000020000000                end = .
                0x0000000020020000                PROVIDE (_stack, (ORIGIN (ram) + 0x20000))
OUTPUT(manamic.elf elf32-littlearm)

.debug_info     0x0000000000000000     0x13d7
 .debug_info    0x0000000000000000      0x592 manamic.o
 .debug_info    0x0000000000000592      0x228 ../libopencm3/lib/libopencm3_stm32f4.a(gpio_common_all.o)
 .debug_info    0x00000000000007ba      0x1e7 ../libopencm3/lib/libopencm3_stm32f4.a(gpio_common_f0234.o)
 .debug_info    0x00000000000009a1      0x787 ../libopencm3/lib/libopencm3_stm32f4.a(rcc_common_all.o)
 .debug_info    0x0000000000001128      0x2af ../libopencm3/lib/libopencm3_stm32f4.a(vector.o)

.debug_abbrev   0x0000000000000000      0x4b2
 .debug_abbrev  0x0000000000000000       0xfe manamic.o
 .debug_abbrev  0x00000000000000fe      0x10b ../libopencm3/lib/libopencm3_stm32f4.a(gpio_common_all.o)
 .debug_abbrev  0x0000000000000209       0xb4 ../libopencm3/lib/libopencm3_stm32f4.a(gpio_common_f0234.o)
 .debug_abbrev  0x00000000000002bd       0xbe ../libopencm3/lib/libopencm3_stm32f4.a(rcc_common_all.o)
 .debug_abbrev  0x000000000000037b      0x137 ../libopencm3/lib/libopencm3_stm32f4.a(vector.o)

.debug_loc      0x0000000000000000      0x3ec
 .debug_loc     0x0000000000000000       0x4d manamic.o
 .debug_loc     0x000000000000004d       0x76 ../libopencm3/lib/libopencm3_stm32f4.a(gpio_common_all.o)
 .debug_loc     0x00000000000000c3      0x10b ../libopencm3/lib/libopencm3_stm32f4.a(gpio_common_f0234.o)
 .debug_loc     0x00000000000001ce      0x129 ../libopencm3/lib/libopencm3_stm32f4.a(rcc_common_all.o)
 .debug_loc     0x00000000000002f7       0xf5 ../libopencm3/lib/libopencm3_stm32f4.a(vector.o)

.debug_aranges  0x0000000000000000      0x130
 .debug_aranges
                0x0000000000000000       0x20 manamic.o
 .debug_aranges
                0x0000000000000020       0x50 ../libopencm3/lib/libopencm3_stm32f4.a(gpio_common_all.o)
 .debug_aranges
                0x0000000000000070       0x30 ../libopencm3/lib/libopencm3_stm32f4.a(gpio_common_f0234.o)
 .debug_aranges
                0x00000000000000a0       0x60 ../libopencm3/lib/libopencm3_stm32f4.a(rcc_common_all.o)
 .debug_aranges
                0x0000000000000100       0x30 ../libopencm3/lib/libopencm3_stm32f4.a(vector.o)

.debug_ranges   0x0000000000000000       0xf8
 .debug_ranges  0x0000000000000000       0x10 manamic.o
 .debug_ranges  0x0000000000000010       0x40 ../libopencm3/lib/libopencm3_stm32f4.a(gpio_common_all.o)
 .debug_ranges  0x0000000000000050       0x20 ../libopencm3/lib/libopencm3_stm32f4.a(gpio_common_f0234.o)
 .debug_ranges  0x0000000000000070       0x50 ../libopencm3/lib/libopencm3_stm32f4.a(rcc_common_all.o)
 .debug_ranges  0x00000000000000c0       0x38 ../libopencm3/lib/libopencm3_stm32f4.a(vector.o)

.debug_line     0x0000000000000000      0x5ff
 .debug_line    0x0000000000000000      0x15f manamic.o
 .debug_line    0x000000000000015f      0x10c ../libopencm3/lib/libopencm3_stm32f4.a(gpio_common_all.o)
 .debug_line    0x000000000000026b       0xea ../libopencm3/lib/libopencm3_stm32f4.a(gpio_common_f0234.o)
 .debug_line    0x0000000000000355      0x151 ../libopencm3/lib/libopencm3_stm32f4.a(rcc_common_all.o)
 .debug_line    0x00000000000004a6      0x159 ../libopencm3/lib/libopencm3_stm32f4.a(vector.o)

.debug_str      0x0000000000000000      0xd54
 .debug_str     0x0000000000000000      0x6c3 manamic.o
                                        0x71b (size before relaxing)
 .debug_str     0x00000000000006c3      0x13c ../libopencm3/lib/libopencm3_stm32f4.a(gpio_common_all.o)
                                        0x1fe (size before relaxing)
 .debug_str     0x00000000000007ff       0x8a ../libopencm3/lib/libopencm3_stm32f4.a(gpio_common_f0234.o)
                                        0x220 (size before relaxing)
 .debug_str     0x0000000000000889      0x320 ../libopencm3/lib/libopencm3_stm32f4.a(rcc_common_all.o)
                                        0x9f7 (size before relaxing)
 .debug_str     0x0000000000000ba9      0x1ab ../libopencm3/lib/libopencm3_stm32f4.a(vector.o)
                                        0x310 (size before relaxing)

.comment        0x0000000000000000       0x1f
 .comment       0x0000000000000000       0x1f manamic.o
                                         0x20 (size before relaxing)
 .comment       0x0000000000000000       0x20 ../libopencm3/lib/libopencm3_stm32f4.a(gpio_common_all.o)
 .comment       0x0000000000000000       0x20 ../libopencm3/lib/libopencm3_stm32f4.a(gpio_common_f0234.o)
 .comment       0x0000000000000000       0x20 ../libopencm3/lib/libopencm3_stm32f4.a(rcc_common_all.o)
 .comment       0x0000000000000000       0x20 ../libopencm3/lib/libopencm3_stm32f4.a(vector.o)

.ARM.attributes
                0x0000000000000000       0x39
 .ARM.attributes
                0x0000000000000000       0x39 manamic.o
 .ARM.attributes
                0x0000000000000039       0x39 ../libopencm3/lib/libopencm3_stm32f4.a(gpio_common_all.o)
 .ARM.attributes
                0x0000000000000072       0x39 ../libopencm3/lib/libopencm3_stm32f4.a(gpio_common_f0234.o)
 .ARM.attributes
                0x00000000000000ab       0x39 ../libopencm3/lib/libopencm3_stm32f4.a(rcc_common_all.o)
 .ARM.attributes
                0x00000000000000e4       0x39 ../libopencm3/lib/libopencm3_stm32f4.a(vector.o)

.debug_frame    0x0000000000000000      0x1f4
 .debug_frame   0x0000000000000000       0x28 manamic.o
 .debug_frame   0x0000000000000028       0x80 ../libopencm3/lib/libopencm3_stm32f4.a(gpio_common_all.o)
 .debug_frame   0x00000000000000a8       0x6c ../libopencm3/lib/libopencm3_stm32f4.a(gpio_common_f0234.o)
 .debug_frame   0x0000000000000114       0xa0 ../libopencm3/lib/libopencm3_stm32f4.a(rcc_common_all.o)
 .debug_frame   0x00000000000001b4       0x40 ../libopencm3/lib/libopencm3_stm32f4.a(vector.o)
